Flow profile=/Users/benjaminoats/.playwright-hos-flow-profile model=Veo 3.1 - Fast plates=12
  dismissed banner via 'Agree'

=== Fast T2V 01_hall_open_side_label (1/12) ===
  scenery-only (no Orbit identity ref)
  dismissed banner via 'Agree'
  dismissed banner via 'Agree'
  dismissed banner via 'Agree'
  flow: https://flow.google.com/project/d16627bf-9a82-4432-b353-376e81595de6
  dismissed banner via 'Agree'
  video model dropdown: 'Omni 1.1 Flash arrow_drop_down'
  video model selected: Veo 3.1 - Fast
  video model locked via Agent settings: Veo 3.1 - Fast
  post-settings…
  setting scenery-only prompt (no Orbit chip)…
  set_prompt insert_text chars=1065 dirty=False
  set_prompt ok head='History of Science locked look: premium Animistry-class 3D c'
  submitting Create…
  clicking Flow send ('arrow_forward')
  submitted Create (scenery-only, no Orbit ref)
  wait 0s status=failed new_media=0 gen=False
  wait 4s status=failed new_media=0 gen=False
  wait 8s status=failed new_media=0 gen=False
  wait 12s status=failed new_media=0 gen=False
  wait 16s status=failed new_media=0 gen=False
  wait 20s status=failed new_media=0 gen=False
  wait 24s status=failed new_media=0 gen=False
  wait 28s status=failed new_media=0 gen=False
  wait 32s status=failed new_media=0 gen=False
  PAGE_SNIPPET gen=False head: Skip to main content | arrow_back | more_vert | search | filter_list | add | help | settings_2 | more_vert | dashboard | All media | videocam | Videos | accessibility_new | Characters | movie | Scenes | apps_spark_2 | Tools | delete | Bin | left_panel_close | Collapse | info | You're out of Google Flow credits. You can wait until they refresh or upgrade to get more Google Flow credits now. | open_in_new | Upgrade | close | warning | Failed | Sorry, this video failed to generate. | You have not been charged for this generation. | refresh | undo | delete_forever | menu | Untitled session | edit_square | close | History of Science locked look: premium Animistry-class 3D cartoon, warm cinematic 
  PAGE_SNIPPET gen=False tail: t motes drift and pamphlets rustle. Optional tiny Animistry side caption plate upper-right only reading four words max — never a full-screen center title card. Silent. No readable body text elsewhere. No Orbit robot. No vessel fire. HARD REJECT: photoreal, still photo, Ken Burns only, dead-center chapter stamp, modern conference. SCENERY ONLY — no characters, no robots, no mascots, no text. Silent picture only. | warning | Failed | The agent failed. Please try again. |  | It looks like you've reached your credit or daily limit for the Veo 3.1 - Fast model. You won't be charged for this attempt. |  | You can try again later, or if you have credits available, you might try using Omni 1.1 Flash instead. |  | thumb_up | thumb_down | content_copy | flag |  | What do you want to create? |  |  |  | add | article_spark | tune | arrow_forward |  | Google Flow can make mistakes, so double-check it
  PAGE_BUTTONS: ['Agree', 'No thanks', 'arrow_back', 'more_vert', 'search', 'filter_list', 'add', 'help', 'settings_2', 'more_vert', 'Account details', 'Google Account: Benjamin Oats   (benoats86@gmail.com)', 'close', 'refresh', 'undo', 'delete_forever', 'menu', 'edit_square', 'close', 'thumb_up', 'thumb_down', 'content_copy', 'flag', 'add', 'article_spark', 'tune', 'Settings trigger', 'arrow_forward']
  stall screenshot /Users/benjaminoats/YouTube/History Of Science/02_Video-Projects/002_How-Did-We-Discover-The-Periodic-Table/04_Generated-Clips/part03/raw/v01_fast/01_hall_open_side_label_v01_flow_stall.png
  reconfirm/resubmit skipped: Flow arrow_forward send not found or never enabled tooltip=''
  wait 85s status=… new_media=0 gen=False
  wait 89s status=… new_media=0 gen=False
  wait 93s status=… new_media=0 gen=False
  PAGE_SNIPPET gen=False head: Log in | Forgotten account? | Orbit with Ben  | 34 followers • 146 following | More | Posts | About | Reels | Photos | Intro | Space stories. Big questions. Full films on YouTube. | Page · Digital creator | Not yet rated (0 reviews)﻿ | Photos | See All Photos | Information about Page Insights data |   |  · Privacy |   |  · Terms |   |  · Advertising |   |  · Ad choices  |   |  · Cookies |   |  · More | Orbit with Ben | 5d |   | · | Is the Universe Older Than We Thought?. Full film on YouTube. #JWST #JamesWebb #Space #Shorts #OrbitWithBen | Doesn't add up. That's not a | crisis for curiosity. That's an |  | 0:00 / 0:28 | All reactions: | 1 | Like | Comment | See more from Orbit with Ben | Ema
  PAGE_SNIPPET gen=False tail:  Meta Products. These cookies are optional. | You have control over the optional cookies that we use. Learn more about cookies and how we use them, and review or change your choices at any time in our Cookies Policy. | About cookies | What are cookies? | Learn more | Why do we use cookies? | Learn more | What are Meta Products? | Learn more | Your cookie choices | Learn more | Cookies from other companies | We use cookies from other companies in order to show you ads off our Products, and provide features such as maps, payment services and video. | Choose cookies by category | How we use these cookies | If you allow these cookies | If you don't allow these cookies | Other ways you can control your information | Manage your ad experience in Accounts Centre | More information about online advertising | Controlling cookies with browser settings | Decline optional cookies | Allow all cookies
  PAGE_BUTTONS: ['Back to Previous Page', 'Facebook', 'Log in', 'Profile settings see more options', 'Page · Digital creator', 'More information about ratings', 'More', 'Actions for this post by Orbit with Ben', 'Play Video', 'Play', 'Settings', 'Captions', 'Unmute', 'Like: 1 person', 'Like', 'Comment', 'Close', 'Log in', 'Create new account', 'Languages', 'Learn more', 'Learn more', 'Learn more', 'Learn more', 'Choose cookies by category', 'How we use these cookies', 'If you allow these cookies', "If you don't allow these cookies", 'Manage your ad experience in Accounts Centre', 'More information about online advertising', 'Controlling cookies with browser settings', 'Allow all cookies', 'Decline optional cookies', 'Allow all cookies', 'Decline optional cookies']
  stall screenshot /Users/benjaminoats/YouTube/History Of Science/02_Video-Projects/002_How-Did-We-Discover-The-Periodic-Table/04_Generated-Clips/part03/raw/v01_fast/01_hall_open_side_label_v01_flow_stall.png
  reconfirm/resubmit skipped: Flow arrow_forward send not found or never enabled tooltip=''
  wait 147s status=… new_media=0 gen=False
  wait 151s status=… new_media=0 gen=False
  PAGE_SNIPPET gen=False head: Log in | Forgotten account? | Orbit with Ben  | 34 followers • 146 following | More | Posts | About | Reels | Photos | Intro | Space stories. Big questions. Full films on YouTube. | Page · Digital creator | Not yet rated (0 reviews)﻿ | Photos | See All Photos | Information about Page Insights data |   |  · Privacy |   |  · Terms |   |  · Advertising |   |  · Ad choices  |   |  · Cookies |   |  · More | Orbit with Ben | 5d |   | · | Is the Universe Older Than We Thought?. Full film on YouTube. #JWST #JamesWebb #Space #Shorts #OrbitWithBen | Doesn't add up. That's not a | crisis for curiosity. That's an |  | 0:00 / 0:28 | All reactions: | 1 | Like | Comment | See more from Orbit with Ben | Ema
  PAGE_SNIPPET gen=False tail:  Meta Products. These cookies are optional. | You have control over the optional cookies that we use. Learn more about cookies and how we use them, and review or change your choices at any time in our Cookies Policy. | About cookies | What are cookies? | Learn more | Why do we use cookies? | Learn more | What are Meta Products? | Learn more | Your cookie choices | Learn more | Cookies from other companies | We use cookies from other companies in order to show you ads off our Products, and provide features such as maps, payment services and video. | Choose cookies by category | How we use these cookies | If you allow these cookies | If you don't allow these cookies | Other ways you can control your information | Manage your ad experience in Accounts Centre | More information about online advertising | Controlling cookies with browser settings | Decline optional cookies | Allow all cookies
  PAGE_BUTTONS: ['Back to Previous Page', 'Facebook', 'Log in', 'Profile settings see more options', 'Page · Digital creator', 'More information about ratings', 'More', 'Actions for this post by Orbit with Ben', 'Play Video', 'Play', 'Settings', 'Captions', 'Unmute', 'Like: 1 person', 'Like', 'Comment', 'Close', 'Log in', 'Create new account', 'Languages', 'Learn more', 'Learn more', 'Learn more', 'Learn more', 'Choose cookies by category', 'How we use these cookies', 'If you allow these cookies', "If you don't allow these cookies", 'Manage your ad experience in Accounts Centre', 'More information about online advertising', 'Controlling cookies with browser settings', 'Allow all cookies', 'Decline optional cookies', 'Allow all cookies', 'Decline optional cookies']
  stall screenshot /Users/benjaminoats/YouTube/History Of Science/02_Video-Projects/002_How-Did-We-Discover-The-Periodic-Table/04_Generated-Clips/part03/raw/v01_fast/01_hall_open_side_label_v01_flow_stall.png
  reconfirm/resubmit skipped: Flow arrow_forward send not found or never enabled tooltip=''
  wait 204s status=… new_media=0 gen=False
  wait 209s status=… new_media=0 gen=False
  wait 213s status=… new_media=0 gen=False
  PAGE_SNIPPET gen=False head: Log in | Forgotten account? | Orbit with Ben  | 34 followers • 146 following | More | Posts | About | Reels | Photos | Intro | Space stories. Big questions. Full films on YouTube. | Page · Digital creator | Not yet rated (0 reviews)﻿ | Photos | See All Photos | Information about Page Insights data |   |  · Privacy |   |  · Terms |   |  · Advertising |   |  · Ad choices  |   |  · Cookies |   |  · More | Orbit with Ben | 5d |   | · | Is the Universe Older Than We Thought?. Full film on YouTube. #JWST #JamesWebb #Space #Shorts #OrbitWithBen | Doesn't add up. That's not a | crisis for curiosity. That's an |  | 0:00 / 0:28 | All reactions: | 1 | Like | Comment | See more from Orbit with Ben | Ema
  PAGE_SNIPPET gen=False tail:  Meta Products. These cookies are optional. | You have control over the optional cookies that we use. Learn more about cookies and how we use them, and review or change your choices at any time in our Cookies Policy. | About cookies | What are cookies? | Learn more | Why do we use cookies? | Learn more | What are Meta Products? | Learn more | Your cookie choices | Learn more | Cookies from other companies | We use cookies from other companies in order to show you ads off our Products, and provide features such as maps, payment services and video. | Choose cookies by category | How we use these cookies | If you allow these cookies | If you don't allow these cookies | Other ways you can control your information | Manage your ad experience in Accounts Centre | More information about online advertising | Controlling cookies with browser settings | Decline optional cookies | Allow all cookies
  PAGE_BUTTONS: ['Back to Previous Page', 'Facebook', 'Log in', 'Profile settings see more options', 'Page · Digital creator', 'More information about ratings', 'More', 'Actions for this post by Orbit with Ben', 'Play Video', 'Play', 'Settings', 'Captions', 'Unmute', 'Like: 1 person', 'Like', 'Comment', 'Close', 'Log in', 'Create new account', 'Languages', 'Learn more', 'Learn more', 'Learn more', 'Learn more', 'Choose cookies by category', 'How we use these cookies', 'If you allow these cookies', "If you don't allow these cookies", 'Manage your ad experience in Accounts Centre', 'More information about online advertising', 'Controlling cookies with browser settings', 'Allow all cookies', 'Decline optional cookies', 'Allow all cookies', 'Decline optional cookies']
  stall screenshot /Users/benjaminoats/YouTube/History Of Science/02_Video-Projects/002_How-Did-We-Discover-The-Periodic-Table/04_Generated-Clips/part03/raw/v01_fast/01_hall_open_side_label_v01_flow_stall.png
  reconfirm/resubmit skipped: Flow arrow_forward send not found or never enabled tooltip=''
  wait 266s status=… new_media=0 gen=False
  wait 270s status=… new_media=0 gen=False
  PAGE_SNIPPET gen=False head: Log in | Forgotten account? | Orbit with Ben  | 34 followers • 146 following | More | Posts | About | Reels | Photos | Intro | Space stories. Big questions. Full films on YouTube. | Page · Digital creator | Not yet rated (0 reviews)﻿ | Photos | See All Photos | Information about Page Insights data |   |  · Privacy |   |  · Terms |   |  · Advertising |   |  · Ad choices  |   |  · Cookies |   |  · More | Orbit with Ben | 5d |   | · | Is the Universe Older Than We Thought?. Full film on YouTube. #JWST #JamesWebb #Space #Shorts #OrbitWithBen | Doesn't add up. That's not a | crisis for curiosity. That's an |  | 0:00 / 0:28 | All reactions: | 1 | Like | Comment | See more from Orbit with Ben | Ema
  PAGE_SNIPPET gen=False tail:  Meta Products. These cookies are optional. | You have control over the optional cookies that we use. Learn more about cookies and how we use them, and review or change your choices at any time in our Cookies Policy. | About cookies | What are cookies? | Learn more | Why do we use cookies? | Learn more | What are Meta Products? | Learn more | Your cookie choices | Learn more | Cookies from other companies | We use cookies from other companies in order to show you ads off our Products, and provide features such as maps, payment services and video. | Choose cookies by category | How we use these cookies | If you allow these cookies | If you don't allow these cookies | Other ways you can control your information | Manage your ad experience in Accounts Centre | More information about online advertising | Controlling cookies with browser settings | Decline optional cookies | Allow all cookies
  PAGE_BUTTONS: ['Back to Previous Page', 'Facebook', 'Log in', 'Profile settings see more options', 'Page · Digital creator', 'More information about ratings', 'More', 'Actions for this post by Orbit with Ben', 'Play Video', 'Play', 'Settings', 'Captions', 'Unmute', 'Like: 1 person', 'Like', 'Comment', 'Close', 'Log in', 'Create new account', 'Languages', 'Learn more', 'Learn more', 'Learn more', 'Learn more', 'Choose cookies by category', 'How we use these cookies', 'If you allow these cookies', "If you don't allow these cookies", 'Manage your ad experience in Accounts Centre', 'More information about online advertising', 'Controlling cookies with browser settings', 'Allow all cookies', 'Decline optional cookies', 'Allow all cookies', 'Decline optional cookies']
  stall screenshot /Users/benjaminoats/YouTube/History Of Science/02_Video-Projects/002_How-Did-We-Discover-The-Periodic-Table/04_Generated-Clips/part03/raw/v01_fast/01_hall_open_side_label_v01_flow_stall.png
  reconfirm/resubmit skipped: Flow arrow_forward send not found or never enabled tooltip=''
  wait 324s status=… new_media=0 gen=False
  wait 328s status=… new_media=0 gen=False
  wait 332s status=… new_media=0 gen=False
  PAGE_SNIPPET gen=False head: Log in | Forgotten account? | Orbit with Ben  | 34 followers • 146 following | More | Posts | About | Reels | Photos | Intro | Space stories. Big questions. Full films on YouTube. | Page · Digital creator | Not yet rated (0 reviews)﻿ | Photos | See All Photos | Information about Page Insights data |   |  · Privacy |   |  · Terms |   |  · Advertising |   |  · Ad choices  |   |  · Cookies |   |  · More | Orbit with Ben | 5d |   | · | Is the Universe Older Than We Thought?. Full film on YouTube. #JWST #JamesWebb #Space #Shorts #OrbitWithBen | Doesn't add up. That's not a | crisis for curiosity. That's an |  | 0:00 / 0:28 | All reactions: | 1 | Like | Comment | See more from Orbit with Ben | Ema
  PAGE_SNIPPET gen=False tail:  Meta Products. These cookies are optional. | You have control over the optional cookies that we use. Learn more about cookies and how we use them, and review or change your choices at any time in our Cookies Policy. | About cookies | What are cookies? | Learn more | Why do we use cookies? | Learn more | What are Meta Products? | Learn more | Your cookie choices | Learn more | Cookies from other companies | We use cookies from other companies in order to show you ads off our Products, and provide features such as maps, payment services and video. | Choose cookies by category | How we use these cookies | If you allow these cookies | If you don't allow these cookies | Other ways you can control your information | Manage your ad experience in Accounts Centre | More information about online advertising | Controlling cookies with browser settings | Decline optional cookies | Allow all cookies
  PAGE_BUTTONS: ['Back to Previous Page', 'Facebook', 'Log in', 'Profile settings see more options', 'Page · Digital creator', 'More information about ratings', 'More', 'Actions for this post by Orbit with Ben', 'Play Video', 'Play', 'Settings', 'Captions', 'Unmute', 'Like: 1 person', 'Like', 'Comment', 'Close', 'Log in', 'Create new account', 'Languages', 'Learn more', 'Learn more', 'Learn more', 'Learn more', 'Choose cookies by category', 'How we use these cookies', 'If you allow these cookies', "If you don't allow these cookies", 'Manage your ad experience in Accounts Centre', 'More information about online advertising', 'Controlling cookies with browser settings', 'Allow all cookies', 'Decline optional cookies', 'Allow all cookies', 'Decline optional cookies']
  stall screenshot /Users/benjaminoats/YouTube/History Of Science/02_Video-Projects/002_How-Did-We-Discover-The-Periodic-Table/04_Generated-Clips/part03/raw/v01_fast/01_hall_open_side_label_v01_flow_stall.png
  reconfirm/resubmit skipped: Flow arrow_forward send not found or never enabled tooltip=''
  wait 385s status=… new_media=0 gen=False
  wait 390s status=… new_media=0 gen=False
  PAGE_SNIPPET gen=False head: Log in | Forgotten account? | Orbit with Ben  | 34 followers • 146 following | More | Posts | About | Reels | Photos | Intro | Space stories. Big questions. Full films on YouTube. | Page · Digital creator | Not yet rated (0 reviews)﻿ | Photos | See All Photos | Information about Page Insights data |   |  · Privacy |   |  · Terms |   |  · Advertising |   |  · Ad choices  |   |  · Cookies |   |  · More | Orbit with Ben | 5d |   | · | Is the Universe Older Than We Thought?. Full film on YouTube. #JWST #JamesWebb #Space #Shorts #OrbitWithBen | Doesn't add up. That's not a | crisis for curiosity. That's an |  | 0:00 / 0:28 | All reactions: | 1 | Like | Comment | See more from Orbit with Ben | Ema
  PAGE_SNIPPET gen=False tail:  Meta Products. These cookies are optional. | You have control over the optional cookies that we use. Learn more about cookies and how we use them, and review or change your choices at any time in our Cookies Policy. | About cookies | What are cookies? | Learn more | Why do we use cookies? | Learn more | What are Meta Products? | Learn more | Your cookie choices | Learn more | Cookies from other companies | We use cookies from other companies in order to show you ads off our Products, and provide features such as maps, payment services and video. | Choose cookies by category | How we use these cookies | If you allow these cookies | If you don't allow these cookies | Other ways you can control your information | Manage your ad experience in Accounts Centre | More information about online advertising | Controlling cookies with browser settings | Decline optional cookies | Allow all cookies
  PAGE_BUTTONS: ['Back to Previous Page', 'Facebook', 'Log in', 'Profile settings see more options', 'Page · Digital creator', 'More information about ratings', 'More', 'Actions for this post by Orbit with Ben', 'Play Video', 'Play', 'Settings', 'Captions', 'Unmute', 'Like: 1 person', 'Like', 'Comment', 'Close', 'Log in', 'Create new account', 'Languages', 'Learn more', 'Learn more', 'Learn more', 'Learn more', 'Choose cookies by category', 'How we use these cookies', 'If you allow these cookies', "If you don't allow these cookies", 'Manage your ad experience in Accounts Centre', 'More information about online advertising', 'Controlling cookies with browser settings', 'Allow all cookies', 'Decline optional cookies', 'Allow all cookies', 'Decline optional cookies']
  stall screenshot /Users/benjaminoats/YouTube/History Of Science/02_Video-Projects/002_How-Did-We-Discover-The-Periodic-Table/04_Generated-Clips/part03/raw/v01_fast/01_hall_open_side_label_v01_flow_stall.png
  reconfirm/resubmit skipped: Page.evaluate: Execution context was destroyed, most likely because of a navigation
  wait 397s status=… new_media=0 gen=False
  wait 401s status=… new_media=0 gen=False
  wait 405s status=… new_media=0 gen=False
  wait 409s status=… new_media=0 gen=False
  wait 413s status=… new_media=0 gen=False
  wait 417s status=… new_media=0 gen=False
