auth={'ultra': True, 'email_hint': True}
start_counter=1/2 which=A
  start-frame I2V: /Users/benjaminoats/YouTube/History Of Science/02_Video-Projects/002_How-Did-We-Discover-The-Periodic-Table/04_Generated-Clips/part04/refs/v20_start_frames/06_explorer_leaves_gap_start_v20.jpg
  dismissed banner via 'Agree'
  dismissed banner via 'Agree'
  dismissed banner via 'Agree'
  pinned project_url=https://flow.google.com/project/dee1b6da-c573-4875-a037-529b50ec88f7
  flow: https://flow.google.com/project/dee1b6da-c573-4875-a037-529b50ec88f7
  dismissed banner via 'Agree'
  create-mode: Agent OFF video_settings=True
  Agent settings path failed (Flow Settings (tune) button not found); trying prompt pill…
  outputs clicked x1=None
  video model locked: Veo 3.1 - Quality
  settings closed via escape (prompt pill)
  post-settings…
  attaching start frame…
  attaching start frame: 06_explorer_leaves_gap_start_v20.jpg
  opening media library via 'Add (media|image|file|to prompt)'
  found upload text button 'Upload'
  found upload text button 'Upload'
  clicking Upload for file chooser…
  uploaded — waiting for Add to Prompt…
  clicking upload consent 'Agree'
  trying Frames Start slot first…
  dismissed banner via 'Agree'
  create-mode: Agent OFF video_settings=True
  Agent settings path failed (Flow Settings (tune) button not found); trying prompt pill…
  outputs clicked x1=None
  video model locked: Veo 3.1 - Quality
  settings closed via escape (prompt pill)
  frames tile click=False
  clicked frames CTA 'Add to Prompt'
  start frame wired via Frames Start
  setting start-frame I2V prompt…
  set_prompt insert_text chars=2079 dirty=False
  set_prompt ok head='IMAGE-TO-VIDEO of the attached start frame. Animate THIS exa'
  submitting Create…
  create-mode: Agent OFF video_settings=True
  clicking Flow send ('arrow_forward')
  submitted Create (start-frame I2V)
  wait 0s status=8% new_media=0 gen=True
  wait 4s status=10% new_media=0 gen=True
  wait 8s status=14% new_media=0 gen=True
  waiting for gallery thumbs (#1) pct=17 thumbs=0
  wait 12s status=17% new_media=0 gen=True
  wait 16s status=21% new_media=0 gen=True
  gen running (24% @ 20s) — defer to fresh-browser harvest (thumbs=0 new=0)
  gallery-pending:0 — caller must fresh-browser harvest
{
  "plate": "06_explorer_leaves_gap",
  "try": 8,
  "which": "A",
  "start_n": 1,
  "max_starts": 2,
  "project_url": "https://flow.google.com/project/dee1b6da-c573-4875-a037-529b50ec88f7",
  "info": {
    "seconds": 63.4,
    "bytes": 0,
    "model": "Veo 3.1 - Quality",
    "engine": "flow-ui-veo",
    "orbit_ref": null,
    "start_frame": "/Users/benjaminoats/YouTube/History Of Science/02_Video-Projects/002_How-Did-We-Discover-The-Periodic-Table/04_Generated-Clips/part04/refs/v20_start_frames/06_explorer_leaves_gap_start_v20.jpg",
    "orbit_attached": true,
    "identity_lock": false,
    "scenery_only": false,
    "media_id": "gallery-pending:0",
    "url": "https://flow.google.com/project/dee1b6da-c573-4875-a037-529b50ec88f7",
    "context_closed": false,
    "needs_gallery_harvest": true,
    "project_url": "https://flow.google.com/project/dee1b6da-c573-4875-a037-529b50ec88f7"
  },
  "start": "/Users/benjaminoats/YouTube/History Of Science/02_Video-Projects/002_How-Did-We-Discover-The-Periodic-Table/04_Generated-Clips/part04/refs/v20_start_frames/06_explorer_leaves_gap_start_v20.jpg",
  "start_lock": "/Users/benjaminoats/YouTube/History Of Science/02_Video-Projects/002_How-Did-We-Discover-The-Periodic-Table/04_Generated-Clips/part04/refs/v20_start_frames/06_explorer_leaves_gap_start_v20_try8_onmodel_p03face.jpg",
  "start_sha256": "05a5dc346292799eb73b3bdccf2381942122ed0768ea6c25797d97e03ee2b71d",
  "start_dna": "try8 on-model face-visible Explorer (Germs/P01/P03 DNA) at 1869 card desk; OTS toy-scale try1\u20137 BANNED; CLEAN window/off-world; plate-library 4b8ed25",
  "plate_library_lock_sha": "4b8ed25",
  "model": "Veo 3.1 - Quality",
  "when": "2026-09-10T15:32:30",
  "paint": "banned",
  "assemble": false,
  "parent_try3_reject_reason": "Ben UAT: Explorer inconsistent with film lock / Germs / Part 01 (try3 OTS toy-scale, glasses N/A)"
}
start_counter=2/2 which=B
  start-frame I2V: /Users/benjaminoats/YouTube/History Of Science/02_Video-Projects/002_How-Did-We-Discover-The-Periodic-Table/04_Generated-Clips/part04/refs/v20_start_frames/06_explorer_leaves_gap_start_v20.jpg
  dismissed banner via 'Agree'
  dismissed banner via 'Agree'
  dismissed banner via 'Agree'
  pinned project_url=https://flow.google.com/project/c9dd924a-6503-40a7-bc10-7f34bacb71f5
  flow: https://flow.google.com/project/c9dd924a-6503-40a7-bc10-7f34bacb71f5
  dismissed banner via 'Agree'
  create-mode: Agent OFF video_settings=True
  Agent settings path failed (Flow Settings (tune) button not found); trying prompt pill…
  outputs clicked x1=None
  video model locked: Veo 3.1 - Quality
  settings closed via escape (prompt pill)
  post-settings…
  attaching start frame…
  attaching start frame: 06_explorer_leaves_gap_start_v20.jpg
  opening media library via 'Add (media|image|file|to prompt)'
  found upload text button 'Upload'
  found upload text button 'Upload'
  clicking Upload for file chooser…
  uploaded — waiting for Add to Prompt…
  clicking upload consent 'Agree'
  trying Frames Start slot first…
  dismissed banner via 'Agree'
  create-mode: Agent OFF video_settings=True
  Agent settings path failed (Flow Settings (tune) button not found); trying prompt pill…
  outputs clicked x1=None
  video model locked: Veo 3.1 - Quality
  settings closed via escape (prompt pill)
  frames tile click=False
  clicked frames CTA 'Add to Prompt'
  start frame wired via Frames Start
  setting start-frame I2V prompt…
  set_prompt insert_text chars=2073 dirty=False
  set_prompt ok head='IMAGE-TO-VIDEO of the attached start frame. Animate THIS exa'
  submitting Create…
  create-mode: Agent OFF video_settings=True
  clicking Flow send ('arrow_forward')
  submitted Create (start-frame I2V)
  wait 0s status=7% new_media=0 gen=True
  wait 4s status=11% new_media=0 gen=True
  wait 8s status=14% new_media=0 gen=True
  waiting for gallery thumbs (#1) pct=16 thumbs=0
  wait 12s status=16% new_media=0 gen=True
  wait 16s status=20% new_media=0 gen=True
  gen running (24% @ 20s) — defer to fresh-browser harvest (thumbs=0 new=0)
  gallery-pending:0 — caller must fresh-browser harvest
{
  "plate": "06_explorer_leaves_gap",
  "try": 8,
  "which": "B",
  "start_n": 2,
  "max_starts": 2,
  "project_url": "https://flow.google.com/project/c9dd924a-6503-40a7-bc10-7f34bacb71f5",
  "info": {
    "seconds": 62.6,
    "bytes": 0,
    "model": "Veo 3.1 - Quality",
    "engine": "flow-ui-veo",
    "orbit_ref": null,
    "start_frame": "/Users/benjaminoats/YouTube/History Of Science/02_Video-Projects/002_How-Did-We-Discover-The-Periodic-Table/04_Generated-Clips/part04/refs/v20_start_frames/06_explorer_leaves_gap_start_v20.jpg",
    "orbit_attached": true,
    "identity_lock": false,
    "scenery_only": false,
    "media_id": "gallery-pending:0",
    "url": "https://flow.google.com/project/c9dd924a-6503-40a7-bc10-7f34bacb71f5",
    "context_closed": false,
    "needs_gallery_harvest": true,
    "project_url": "https://flow.google.com/project/c9dd924a-6503-40a7-bc10-7f34bacb71f5"
  },
  "start": "/Users/benjaminoats/YouTube/History Of Science/02_Video-Projects/002_How-Did-We-Discover-The-Periodic-Table/04_Generated-Clips/part04/refs/v20_start_frames/06_explorer_leaves_gap_start_v20.jpg",
  "start_lock": "/Users/benjaminoats/YouTube/History Of Science/02_Video-Projects/002_How-Did-We-Discover-The-Periodic-Table/04_Generated-Clips/part04/refs/v20_start_frames/06_explorer_leaves_gap_start_v20_try8B_onmodel_germs.jpg",
  "start_sha256": "7c089002775df5481091a48dd36c0c8049b0ad7c4ecb93e2cfd374a77ab21ef3",
  "start_dna": "try8 on-model face-visible Explorer (Germs/P01/P03 DNA) at 1869 card desk; OTS toy-scale try1\u20137 BANNED; CLEAN window/off-world; plate-library 4b8ed25",
  "plate_library_lock_sha": "4b8ed25",
  "model": "Veo 3.1 - Quality",
  "when": "2026-09-10T15:33:37",
  "paint": "banned",
  "assemble": false,
  "parent_try3_reject_reason": "Ben UAT: Explorer inconsistent with film lock / Germs / Part 01 (try3 OTS toy-scale, glasses N/A)"
}
{
  "submitted": [
    "https://flow.google.com/project/dee1b6da-c573-4875-a037-529b50ec88f7",
    "https://flow.google.com/project/c9dd924a-6503-40a7-bc10-7f34bacb71f5"
  ],
  "next": "harvest both \u2192 self-QA on-model glasses+card-desk \u2192 assemble v23"
}
