  start-frame I2V: /Users/benjaminoats/YouTube/History Of Science/02_Video-Projects/002_How-Did-We-Discover-The-Periodic-Table/04_Generated-Clips/part04/refs/v20_start_frames/09b_risk_hold_start_v20.jpg
  dismissed banner via 'Agree'
  dismissed banner via 'Agree'
  dismissed banner via 'Agree'
  pinned project_url=https://flow.google.com/project/3983820e-e3db-411a-af11-ef366ced9d4c
  flow: https://flow.google.com/project/3983820e-e3db-411a-af11-ef366ced9d4c
  dismissed banner via 'Agree'
  create-mode: Agent OFF video_settings=True
  Agent settings path failed (Flow Settings (tune) button not found); trying prompt pill…
  outputs clicked x1=None
  video model locked: Veo 3.1 - Fast
  settings closed via escape (prompt pill)
  post-settings…
  attaching start frame…
  attaching start frame: 09b_risk_hold_start_v20.jpg
  opening media library via 'Add (media|image|file|to prompt)'
  found upload text button 'Upload'
  found upload text button 'Upload'
  clicking Upload for file chooser…
  uploaded — waiting for Add to Prompt…
  clicking upload consent 'Agree'
  trying Frames Start slot first…
  dismissed banner via 'Agree'
  create-mode: Agent OFF video_settings=True
  Agent settings path failed (Flow Settings (tune) button not found); trying prompt pill…
  outputs clicked x1=None
  video model locked: Veo 3.1 - Fast
  settings closed via escape (prompt pill)
  frames tile click=False
  clicked frames CTA 'Add to Prompt'
  start frame wired via Frames Start
  setting start-frame I2V prompt…
  set_prompt insert_text chars=3826 dirty=False
  set_prompt ok head='IMAGE-TO-VIDEO of the attached start frame. Animate THIS exa'
  submitting Create…
  create-mode: Agent OFF video_settings=True
  clicking Flow send ('arrow_forward')
  submitted Create (start-frame I2V)
  wait 0s status=failed new_media=0 gen=True
  wait 4s status=failed new_media=0 gen=True
  wait 8s status=failed new_media=0 gen=True
  waiting for gallery thumbs (#1) pct=11 thumbs=0
  wait 12s status=failed new_media=0 gen=True
  wait 16s status=failed new_media=0 gen=True
  gen running (failed @ 20s) — defer to fresh-browser harvest (thumbs=0 new=0)
  gallery-pending:0 — caller must fresh-browser harvest
{
  "plate": "09b_risk_hold",
  "try": "11",
  "project_url": "https://flow.google.com/project/3983820e-e3db-411a-af11-ef366ced9d4c",
  "info": {
    "seconds": 62.5,
    "bytes": 0,
    "model": "Veo 3.1 - Fast",
    "engine": "flow-ui-veo",
    "orbit_ref": null,
    "start_frame": "/Users/benjaminoats/YouTube/History Of Science/02_Video-Projects/002_How-Did-We-Discover-The-Periodic-Table/04_Generated-Clips/part04/refs/v20_start_frames/09b_risk_hold_start_v20.jpg",
    "orbit_attached": true,
    "identity_lock": false,
    "scenery_only": false,
    "media_id": "gallery-pending:0",
    "url": "https://flow.google.com/project/3983820e-e3db-411a-af11-ef366ced9d4c",
    "context_closed": false,
    "needs_gallery_harvest": true,
    "project_url": "https://flow.google.com/project/3983820e-e3db-411a-af11-ef366ced9d4c"
  },
  "start": "/Users/benjaminoats/YouTube/History Of Science/02_Video-Projects/002_How-Did-We-Discover-The-Periodic-Table/04_Generated-Clips/part04/refs/v20_start_frames/09b_risk_hold_start_v20.jpg",
  "start_sha256": "ee638b2decc112ec57cd120361c2901d7ee72dd5741a7b5d0c581781ae9a2e64",
  "start_dna": "try11 zerolamp moonwin: try9C cardless empty-chair moon KEEP cropL18+top03 \u2014 ZERO desk-lamp/gooseneck/shade/bulb/fixture; CLEAN LIGHT=moon+window spill+soft ambient ONLY; LOCKED FRAMING; bible 8ddbf99; Soft Empty Chairs OK; finished 3D; NOT try10A\u2013D; paint banned",
  "plate_library_lock_sha": "4b8ed25",
  "bible": "8ddbf99",
  "model": "Veo 3.1 - Fast",
  "when": "2026-09-10T00:57:46",
  "auth": {
    "ultra": true,
    "email_hint": true
  },
  "parent_try9_uat": "FORMAL HARD FAIL molten bead \u2014 bible 8ddbf99 (contact + t3.8/t5.8/t7.3)",
  "parent_try10A": "SELF_REJECT \u2014 open shade cup + drip-like protrusion mid-clip",
  "parent_try10C": "SELF_REJECT \u2014 Veo widened left, invented open shade cup + molten bead mid-clip",
  "parent_try10B": "SELF_REJECT \u2014 Veo invented open shade cup + molten bead mid-clip",
  "parent_try10D": "SELF_REJECT \u2014 invents cup+bead late despite nolamp tightL + locked framing",
  "paint": "banned",
  "assemble": false
}
