2026-09-30T10:50:27+01:00 === TASK 1: Privatize CUu8k38iAMc ===
2026-09-30T10:50:32+01:00 CHANNEL_CHECK ok=True url=https://studio.youtube.com/channel/UCXp7HkBIl1LgaznXuZHJyRg
2026-09-30T10:50:41+01:00 CHANNEL_CHECK ok=True url=https://studio.youtube.com/channel/UCXp7HkBIl1LgaznXuZHJyRg
2026-09-30T10:51:02+01:00 TUE private_ok=False chip=''
2026-09-30T10:51:02+01:00 === TASK 2: Scrape Shorts content list ===
2026-09-30T10:51:02+01:00 CHANNEL_CHECK ok=True url=https://studio.youtube.com/channel/UCXp7HkBIl1LgaznXuZHJyRg
2026-09-30T10:51:02+01:00 CHANNEL_CHECK ok=True url=https://studio.youtube.com/channel/UCXp7HkBIl1LgaznXuZHJyRg
2026-09-30T10:51:15+01:00 scraped raw rows=16
2026-09-30T10:51:19+01:00 LIVE_SHORTS_LIST written count=16
2026-09-30T10:51:19+01:00 === TASK 3: Confirm Fri + Sun scheduled ===
2026-09-30T10:51:19+01:00 CHANNEL_CHECK ok=True url=https://studio.youtube.com/channel/UCXp7HkBIl1LgaznXuZHJyRg/videos/short?filter=%5B%5D&sort=%7B%22columnType%22%3A%22date%22%2C%22sortOrder%22%3A%22DESCENDING%22%7D
2026-09-30T10:51:28+01:00 CHANNEL_CHECK ok=True url=https://studio.youtube.com/channel/UCXp7HkBIl1LgaznXuZHJyRg
2026-09-30T10:51:33+01:00 CHANNEL_CHECK ok=True url=https://studio.youtube.com/channel/UCXp7HkBIl1LgaznXuZHJyRg
2026-09-30T10:51:42+01:00 CHANNEL_CHECK ok=True url=https://studio.youtube.com/channel/UCXp7HkBIl1LgaznXuZHJyRg
2026-09-30T10:51:47+01:00 FRI ok=False chip='' related=deferred_or_unset
2026-09-30T10:51:47+01:00 SUN ok=False chip='' related=unset
2026-09-30T10:51:47+01:00 DONE ok=False
{
  "channel": "@HistoryOfScienceYT",
  "channelId": "UCXp7HkBIl1LgaznXuZHJyRg",
  "started": "2026-09-30T10:50:27+01:00",
  "tue_private": {
    "chip_before": "",
    "radio": "",
    "save": {
      "clicked": null,
      "enabled_candidates": [],
      "page_save": {
        "enabled": false,
        "clicked": false
      }
    },
    "chip_after": "",
    "private_ok": false,
    "post_checks": {
      "audience": {
        "yes_checked": null,
        "no_checked": null,
        "banner": false,
        "radios": [],
        "ok_not_kids": false,
        "fail_kids": false
      },
      "altered": {
        "radios": [],
        "no": null,
        "yes": null,
        "section": null
      }
    },
    "chip_final": ""
  },
  "shorts_count": 16,
  "shorts": [
    {
      "id": "CUu8k38iAMc",
      "title": "0:28",
      "visibility": "Scheduled",
      "date": "20 Oct 2026",
      "row_text": "0:28 The first X-ray showed a wedding ring The first X-ray showed a wedding ring Bertha's hand. Soft tissue fades. Bone holds. And her wedding ring sits clear on the plate. Full film: How Did We Discover X-rays? https://youtu.be/frP_YrNShsU @HistoryOfScienceYT \u2014 Scheduled 20 Oct ",
      "href": "/video/CUu8k38iAMc/edit"
    },
    {
      "id": "TbMMJSRKC3U",
      "title": "0:27",
      "visibility": "Scheduled",
      "date": "18 Oct 2026",
      "row_text": "0:27 He said every eighth element repeats He said every eighth element repeats Newlands lined the elements up and heard a pattern: every eighth repeats. Twenty-two years later, the Royal Society gave him the Davy Medal for it. Full film: How Did We Discover the Periodic Table? ht",
      "href": "/video/TbMMJSRKC3U/edit"
    },
    {
      "id": "29bpGAI0wb8",
      "title": "0:25",
      "visibility": "Scheduled",
      "date": "16 Oct 2026",
      "row_text": "0:25 How small can you cut gold? How small can you cut gold? Keep cutting a gold coin and the pieces still behave like gold \u2014 until they don't. That is the atom. Full film: What's Really Inside an Atom? https://youtu.be/GHZDsiH7L7A @HistoryOfScienceYT \u2014 Scheduled 16 Oct 2026 Sche",
      "href": "/video/29bpGAI0wb8/edit"
    },
    {
      "id": "zI_eD3vFWmE",
      "title": "0:25",
      "visibility": "Public",
      "date": "27 Sept 2026",
      "row_text": "0:25 The first X-ray showed a wedding ring The first X-ray showed a wedding ring The first X-ray proof was Bertha R\u00f6ntgen\u2019s hand \u2014 bones, and a denser wedding-ring shadow. Full film: How Did We Discover X-rays? https://youtu.be/frP_YrNShsU @HistoryOfScienceYT \u2014 Public 27 Sept 202",
      "href": "/video/zI_eD3vFWmE/edit"
    },
    {
      "id": "xvanpsLeADE",
      "title": "0:25",
      "visibility": "Public",
      "date": "26 Sept 2026",
      "row_text": "0:25 How did R\u00f6ntgen see bones without cutting How did R\u00f6ntgen see bones without cutting Soft tissue fades. Bone holds. R\u00f6ntgen saw a living skeleton without a knife. Full film: How Did We Discover X-rays? https://youtu.be/frP_YrNShsU @HistoryOfScienceYT \u2014 Public 26 Sept 2026 Pub",
      "href": "/video/xvanpsLeADE/edit"
    },
    {
      "id": "oowAOWTBoq0",
      "title": "0:25",
      "visibility": "Public",
      "date": "25 Sept 2026",
      "row_text": "0:25 How X-rays Were Discovered by Accident How X-rays Were Discovered by Accident A covered cathode tube. A cardboard screen that should have stayed dark \u2014 and glowed anyway. That accident is how X-rays began. Full film: How Did We Discover X-rays? https://youtu.be/frP_YrNShsU @",
      "href": "/video/oowAOWTBoq0/edit"
    },
    {
      "id": "LanTHJckYx8",
      "title": "0:26",
      "visibility": "Public",
      "date": "22 Sept 2026",
      "row_text": "0:26 What other table has empty chairs? What other table has empty chairs? Watch the full film \u2014 How Did We Discover the Periodic Table?: https://www.youtube.com/watch?v=AL_-qlWko_g History of Science \u00b7 Discovery. Wonder. Proof. \u00b7 @HistoryOfScienceYT #PeriodicTable #HistoryOfScie",
      "href": "/video/LanTHJckYx8/edit"
    },
    {
      "id": "nba0-f7PPeU",
      "title": "0:25",
      "visibility": "Public",
      "date": "21 Sept 2026",
      "row_text": "0:25 Why tellurium sat before iodine Why tellurium sat before iodine Watch the full film \u2014 How Did We Discover the Periodic Table?: https://www.youtube.com/watch?v=AL_-qlWko_g History of Science \u00b7 Discovery. Wonder. Proof. \u00b7 @HistoryOfScienceYT #PeriodicTable #HistoryOfScience #M",
      "href": "/video/nba0-f7PPeU/edit"
    },
    {
      "id": "CnHwX1L9XHg",
      "title": "0:26",
      "visibility": "Public",
      "date": "20 Sept 2026",
      "row_text": "0:26 Gallium sat where the table said Gallium sat where the table said Watch the full film \u2014 How Did We Discover the Periodic Table?: https://www.youtube.com/watch?v=AL_-qlWko_g History of Science \u00b7 Discovery. Wonder. Proof. \u00b7 @HistoryOfScienceYT #PeriodicTable #HistoryOfScience ",
      "href": "/video/CnHwX1L9XHg/edit"
    },
    {
      "id": "nFQRWmpulTQ",
      "title": "0:25",
      "visibility": "Public",
      "date": "19 Sept 2026",
      "row_text": "0:25 He predicted a metal before it was found He predicted a metal before it was found Watch the full film \u2014 How Did We Discover the Periodic Table?: https://www.youtube.com/watch?v=AL_-qlWko_g History of Science \u00b7 Discovery. Wonder. Proof. \u00b7 @HistoryOfScienceYT #PeriodicTable #H",
      "href": "/video/nFQRWmpulTQ/edit"
    },
    {
      "id": "uU12JA5rMWg",
      "title": "0:25",
      "visibility": "Public",
      "date": "18 Sept 2026",
      "row_text": "0:25 The periodic table's empty chairs The periodic table's empty chairs Watch the full film \u2014 How Did We Discover the Periodic Table?: https://www.youtube.com/watch?v=AL_-qlWko_g History of Science \u00b7 Discovery. Wonder. Proof. \u00b7 @HistoryOfScienceYT #PeriodicTable #HistoryOfScienc",
      "href": "/video/uU12JA5rMWg/edit"
    },
    {
      "id": "sILtQxgYQk8",
      "title": "0:25",
      "visibility": "Public",
      "date": "6 Sept 2026",
      "row_text": "0:25 A flask that proved germs come from outside A flask that proved germs come from outside\\n\\nWatch the full film \u2014 How Did We Discover Germs?:\\nhttps://www.youtube.com/watch?v=_C92tIJCk8A\\n\\n#Germs #GermTheory #HistoryOfScience #Science #Shorts \u2014 Public 6 Sept 2026 Published 2",
      "href": "/video/sILtQxgYQk8/edit"
    },
    {
      "id": "93fPUG-hW0A",
      "title": "0:24",
      "visibility": "Public",
      "date": "6 Sept 2026",
      "row_text": "0:24 Invisible life is still everywhere What else is still invisible? You meet that victory every time soap meets your hands. Watch the full film \u2014 How Did We Discover Germs?: https://www.youtube.com/watch?v=_C92tIJCk8A #Germs #InvisibleLife #HistoryOfScience #Science #Shorts \u2014 P",
      "href": "/video/93fPUG-hW0A/edit"
    },
    {
      "id": "8_Edn_HCi1s",
      "title": "0:25",
      "visibility": "Public",
      "date": "6 Sept 2026",
      "row_text": "0:25 Germs hitch a ride on you You are the vector \u2014 germs hitch a ride on hands, cloth, and breath. Watch the full film \u2014 How Did We Discover Germs?: https://www.youtube.com/watch?v=_C92tIJCk8A #Germs #Handwashing #GermTheory #HistoryOfScience #Shorts \u2014 Public 6 Sept 2026 Publish",
      "href": "/video/8_Edn_HCi1s/edit"
    },
    {
      "id": "iqToagXnjX0",
      "title": "0:25",
      "visibility": "Public",
      "date": "6 Sept 2026",
      "row_text": "0:25 Microbes in a drop of pond water A drop of pond water is not empty \u2014 under a microscope it is full of microbes. Watch the full film \u2014 How Did We Discover Germs?: https://www.youtube.com/watch?v=_C92tIJCk8A #Microbes #PondWater #GermTheory #HistoryOfScience #Shorts \u2014 Public 6",
      "href": "/video/iqToagXnjX0/edit"
    },
    {
      "id": "H1y0DXFVmw8",
      "title": "0:25",
      "visibility": "Public",
      "date": "6 Sept 2026",
      "row_text": "0:25 Germs don't cast a shadow Germs don't cast a shadow \u2014 doctors once blamed bad air, not living microbes. Watch the full film \u2014 How Did We Discover Germs?: https://www.youtube.com/watch?v=_C92tIJCk8A #Germs #GermTheory #HistoryOfScience #Science #Shorts \u2014 Public 6 Sept 2026 Pu",
      "href": "/video/H1y0DXFVmw8/edit"
    }
  ],
  "fri": {
    "slot": "s01",
    "id": "29bpGAI0wb8",
    "title_expected": "How small can you cut gold?",
    "visibility_chip": "",
    "scheduled_ok": false,
    "date_ok": false,
    "time_ok": false,
    "audience": {
      "yes_checked": null,
      "no_checked": null,
      "banner": false,
      "radios": [],
      "ok_not_kids": false,
      "fail_kids": false
    },
    "audience_not_kids": false,
    "altered": {
      "radios": [],
      "no": null,
      "yes": null,
      "section": null
    },
    "altered_yes": false,
    "related": {
      "line": "",
      "set": false,
      "title": null,
      "id_hint": null
    },
    "related_status": "deferred_or_unset",
    "screenshot": "BEN_1045_s01_confirm.png",
    "ok": false
  },
  "sun": {
    "slot": "s02",
    "id": "TbMMJSRKC3U",
    "title_expected": "He said every eighth element repeats",
    "visibility_chip": "",
    "scheduled_ok": false,
    "date_ok": false,
    "time_ok": false,
    "audience": {
      "yes_checked": null,
      "no_checked": null,
      "banner": false,
      "radios": [],
      "ok_not_kids": false,
      "fail_kids": false
    },
    "audience_not_kids": false,
    "altered": {
      "radios": [],
      "no": null,
      "yes": null,
      "section": null
    },
    "altered_yes": false,
    "related": {
      "line": "",
      "set": false,
      "title": null,
      "id_hint": null
    },
    "related_status": "unset",
    "screenshot": "BEN_1045_s02_confirm.png",
    "ok": false
  },
  "ended": "2026-09-30T10:51:47+01:00",
  "ok": false
}
